============================= test session starts =============================
platform win32 -- Python 3.13.11, pytest-9.0.2, pluggy-1.5.0
rootdir: D:\Projects\LLMpaicheng1\LLMpaicheng1
plugins: anyio-4.12.1
collected 17 items / 1 skipped

test_run_experiments.py F...F.                                           [ 35%]
test_trcg_policy.py ......                                               [ 70%]
test_range_calendar.py .....                                             [100%]

================================== FAILURES ===================================
________________________________ test_imports _________________________________

    def test_imports():
        """测试导入"""
        print("1. 测试导入...")
>       from run_experiments import (
            ExperimentConfig, EpisodeMetricsRecord, RollingLogEntry,
            run_single_episode, generate_seed_assignments,
            save_episode_results, HAS_REAL_LLM
        )
E       ImportError: cannot import name 'HAS_REAL_LLM' from 'run_experiments' (D:\Projects\LLMpaicheng1\LLMpaicheng1\run_experiments.py)

test_run_experiments.py:19: ImportError
---------------------------- Captured stdout call -----------------------------
1. 测试导入...
____________________________ test_llm_real_warning ____________________________

    def test_llm_real_warning():
        """测试 llm_real 策略的并行警告"""
        print("\n5. 测试 llm_real 并行警告...")
>       from run_experiments import ExperimentConfig, HAS_REAL_LLM
E       ImportError: cannot import name 'HAS_REAL_LLM' from 'run_experiments' (D:\Projects\LLMpaicheng1\LLMpaicheng1\run_experiments.py)

test_run_experiments.py:136: ImportError
---------------------------- Captured stdout call -----------------------------

5. 测试 llm_real 并行警告...
============================== warnings summary ===============================
test_run_experiments.py::test_record_fields
  E:\Users\HX\miniconda3\Lib\site-packages\_pytest\python.py:170: PytestReturnNotNoneWarning: Test functions should return None, but test_run_experiments.py::test_record_fields returned <class 'bool'>.
  Did you mean to use `assert` instead of `return`?
  See https://docs.pytest.org/en/stable/how-to/assert.html#return-not-none for more information.
    warnings.warn(

test_run_experiments.py::test_mockllm_run
  E:\Users\HX\miniconda3\Lib\site-packages\_pytest\python.py:170: PytestReturnNotNoneWarning: Test functions should return None, but test_run_experiments.py::test_mockllm_run returned <class 'bool'>.
  Did you mean to use `assert` instead of `return`?
  See https://docs.pytest.org/en/stable/how-to/assert.html#return-not-none for more information.
    warnings.warn(

test_run_experiments.py::test_csv_output
  E:\Users\HX\miniconda3\Lib\site-packages\_pytest\python.py:170: PytestReturnNotNoneWarning: Test functions should return None, but test_run_experiments.py::test_csv_output returned <class 'bool'>.
  Did you mean to use `assert` instead of `return`?
  See https://docs.pytest.org/en/stable/how-to/assert.html#return-not-none for more information.
    warnings.warn(

test_run_experiments.py::test_seed_assignments
  E:\Users\HX\miniconda3\Lib\site-packages\_pytest\python.py:170: PytestReturnNotNoneWarning: Test functions should return None, but test_run_experiments.py::test_seed_assignments returned <class 'bool'>.
  Did you mean to use `assert` instead of `return`?
  See https://docs.pytest.org/en/stable/how-to/assert.html#return-not-none for more information.
    warnings.warn(

-- Docs: https://docs.pytest.org/en/stable/how-to/capture-warnings.html
=========================== short test summary info ===========================
FAILED test_run_experiments.py::test_imports - ImportError: cannot import nam...
FAILED test_run_experiments.py::test_llm_real_warning - ImportError: cannot i...
============ 2 failed, 15 passed, 1 skipped, 4 warnings in 14.38s =============
