..........                                                               [100%]
============================== warnings summary ===============================
_test_skip_and_parallel.py::test_plan_a_skip_logic
  E:\Users\HX\miniconda3\Lib\site-packages\_pytest\python.py:170: PytestReturnNotNoneWarning: Test functions should return None, but _test_skip_and_parallel.py::test_plan_a_skip_logic returned <class 'float'>.
  Did you mean to use `assert` instead of `return`?
  See https://docs.pytest.org/en/stable/how-to/assert.html#return-not-none for more information.
    warnings.warn(

-- Docs: https://docs.pytest.org/en/stable/how-to/capture-warnings.html
10 passed, 1 warning in 30.44s
